// Jest Snapshot v1, https://goo.gl/fbAQLP

exports[`Home page should render properly 1`] = `<div />`;
